#-----------------------------------------------------------
# Vivado v2022.1 (64-bit)
# SW Build 3526262 on Mon Apr 18 15:48:16 MDT 2022
# IP Build 3524634 on Mon Apr 18 20:55:01 MDT 2022
# Start of session at: Thu Dec 12 17:26:52 2024
# Process ID: 12160
# Current directory: C:/template2/template/vivado/Example_Project/axi_mult_adder/axi_fnd_mult_adder
# Command line: vivado.exe -gui_launcher_event rodinguilauncherevent11604 C:\template2\template\vivado\Example_Project\axi_mult_adder\axi_fnd_mult_adder\axi_fnd_mult_adder.xpr
# Log file: C:/template2/template/vivado/Example_Project/axi_mult_adder/axi_fnd_mult_adder/vivado.log
# Journal file: C:/template2/template/vivado/Example_Project/axi_mult_adder/axi_fnd_mult_adder\vivado.jou
# Running On: DESKTOP-8DBAGAH, OS: Windows, CPU Frequency: 3504 MHz, CPU Physical cores: 4, Host memory: 8497 MB
#-----------------------------------------------------------
start_gui
open_project C:/template2/template/vivado/Example_Project/axi_mult_adder/axi_fnd_mult_adder/axi_fnd_mult_adder.xpr
update_compile_order -fileset sources_1
